// Jest Snapshot v1, https://goo.gl/fbAQLP

exports[`CarouselSlide renders properly 1`] = `
<transition-stub name="crossfade">
  <div class="carousel-slide"></div>
</transition-stub>
`;
